---
layout: post
title: KALI Linux LVM 扩容
date:       2023-7-25 15:02:01
---

#虚拟机的LVM根目录扩容 
## 1.1 扩容磁盘
VM中选中磁盘，右边选择扩容[不能存在快照，否则是灰色的]
## 1.2 查询要扩容的目标
```
#fdisk -l
Device     Boot   Start       End   Sectors  Size Id Type

/dev/sda1  *       2048    999423    997376  487M 83 Linux
/dev/sda2       1001470 209713151 208711682 99.5G  5 Extended
/dev/sda5       1001472 209713151 208711680 99.5G 8e Linux LVM
Disk /dev/mapper/kali--vg-root: 11.18 GiB, 11999903744 bytes, 23437312 sectors
Units: sectors of 1 * 512 = 512 bytes
Sector size (logical/physical): 512 bytes / 512 bytes
I/O size (minimum/optimal): 512 bytes / 512 bytes


Disk /dev/mapper/kali--vg-var: 2.33 GiB, 2499805184 bytes, 4882432 sectors
Units: sectors of 1 * 512 = 512 bytes
Sector size (logical/physical): 512 bytes / 512 bytes
I/O size (minimum/optimal): 512 bytes / 512 bytes


Disk /dev/mapper/kali--vg-swap_1: 976 MiB, 1023410176 bytes, 1998848 sectors
Units: sectors of 1 * 512 = 512 bytes
Sector size (logical/physical): 512 bytes / 512 bytes
I/O size (minimum/optimal): 512 bytes / 512 bytes


Disk /dev/mapper/kali--vg-tmp: 1.86 GiB, 1996488704 bytes, 3899392 sectors
Units: sectors of 1 * 512 = 512 bytes
Sector size (logical/physical): 512 bytes / 512 bytes
I/O size (minimum/optimal): 512 bytes / 512 bytes


Disk /dev/mapper/kali--vg-home: 83.2 GiB, 89338675200 bytes, 174489600 sectors
Units: sectors of 1 * 512 = 512 bytes
Sector size (logical/physical): 512 bytes / 512 bytes
I/O size (minimum/optimal): 512 bytes / 512 bytes


#lsblk

NAME                MAJ:MIN RM  SIZE RO TYPE MOUNTPOINT
sda                   8:0    0  125G  0 disk 
├─sda1                8:1    0  487M  0 part /boot
├─sda2                8:2    0    1K  0 part 
└─sda5                8:5    0 99.5G  0 part 
  ├─kali--vg-root   254:0    0 11.2G  0 lvm  /
  ├─kali--vg-var    254:1    0  2.3G  0 lvm  /var
  ├─kali--vg-swap_1 254:2    0  976M  0 lvm  [SWAP]
  ├─kali--vg-tmp    254:3    0  1.9G  0 lvm  /tmp
  └─kali--vg-home   254:4    0 83.2G  0 lvm  /home
sr0                  11:0    1 1024M  0 rom  

```

sda5 是Linux LVM ，磁盘共有 125G 还有25G未使用

## 1.3 创建新磁盘分区
`fdisk /dev/sda`
```
Command (m for help): n
Partition type
   p   primary (1 primary, 1 extended, 2 free)
   l   logical (numbered from 5)
Select (default p): p
Partition number (3,4, default 3): 3
First sector (209713152-262143999, default 209713152): 
Last sector, +/-sectors or +/-size{K,M,G,T,P} (209713152-262143999, default 262143999): 

Created a new partition 3 of type 'Linux' and of size 25 GiB.

Command (m for help): w
The partition table has been altered.
Syncing disks.
```
再用 `fdisk -l` 查看将有四个分区
```
Device     Boot     Start       End   Sectors  Size Id Type
/dev/sda1  *         2048    999423    997376  487M 83 Linux
/dev/sda2         1001470 209713151 208711682 99.5G  5 Extended
/dev/sda3       209713152 262143999  52430848   25G 83 Linux
/dev/sda5         1001472 209713151 208711680 99.5G 8e Linux LVM

#>lsblk
NAME                MAJ:MIN RM  SIZE RO TYPE MOUNTPOINT
sda                   8:0    0  125G  0 disk 
├─sda1                8:1    0  487M  0 part /boot
├─sda2                8:2    0    1K  0 part 
├─sda3                8:3    0   25G  0 part 
└─sda5                8:5    0 99.5G  0 part 
  ├─kali--vg-root   254:0    0 11.2G  0 lvm  /
  ├─kali--vg-var    254:1    0  2.3G  0 lvm  /var
  ├─kali--vg-swap_1 254:2    0  976M  0 lvm  [SWAP]
  ├─kali--vg-tmp    254:3    0  1.9G  0 lvm  /tmp
  └─kali--vg-home   254:4    0 83.2G  0 lvm  /home
sr0                  11:0    1 1024M  0 rom 
```
## 1.4 更改分区类为`Linux LVM`
```
└─# fdisk /dev/sda

Welcome to fdisk (util-linux 2.36.1).
Changes will remain in memory only, until you decide to write them.
Be careful before using the write command.


Command (m for help): t
Partition number (1-3,5, default 5): 3
Hex code or alias (type L to list all): 8e

Changed type of partition 'Linux' to 'Linux LVM'.

Command (m for help): w
The partition table has been altered.
Syncing disks.

>>附加信息：
Hex code or alias (type L to list all): L:
00 Empty            24 NEC DOS          81 Minix / old Lin  bf Solaris        
01 FAT12            27 Hidden NTFS Win  82 Linux swap / So  c1 DRDOS/sec (FAT-
02 XENIX root       39 Plan 9           83 Linux            c4 DRDOS/sec (FAT-
03 XENIX usr        3c PartitionMagic   84 OS/2 hidden or   c6 DRDOS/sec (FAT-
04 FAT16 <32M       40 Venix 80286      85 Linux extended   c7 Syrinx         
05 Extended         41 PPC PReP Boot    86 NTFS volume set  da Non-FS data    
06 FAT16            42 SFS              87 NTFS volume set  db CP/M / CTOS / .
07 HPFS/NTFS/exFAT  4d QNX4.x           88 Linux plaintext  de Dell Utility   
08 AIX              4e QNX4.x 2nd part  8e Linux LVM        df BootIt         
09 AIX bootable     4f QNX4.x 3rd part  93 Amoeba           e1 DOS access     
0a OS/2 Boot Manag  50 OnTrack DM       94 Amoeba BBT       e3 DOS R/O        
0b W95 FAT32        51 OnTrack DM6 Aux  9f BSD/OS           e4 SpeedStor      
0c W95 FAT32 (LBA)  52 CP/M             a0 IBM Thinkpad hi  ea Linux extended 
0e W95 FAT16 (LBA)  53 OnTrack DM6 Aux  a5 FreeBSD          eb BeOS fs        
0f W95 Ext'd (LBA)  54 OnTrackDM6       a6 OpenBSD          ee GPT            
10 OPUS             55 EZ-Drive         a7 NeXTSTEP         ef EFI (FAT-12/16/
11 Hidden FAT12     56 Golden Bow       a8 Darwin UFS       f0 Linux/PA-RISC b
12 Compaq diagnost  5c Priam Edisk      a9 NetBSD           f1 SpeedStor      
14 Hidden FAT16 <3  61 SpeedStor        ab Darwin boot      f4 SpeedStor      
16 Hidden FAT16     63 GNU HURD or Sys  af HFS / HFS+       f2 DOS secondary  
17 Hidden HPFS/NTF  64 Novell Netware   b7 BSDI fs          fb VMware VMFS    
18 AST SmartSleep   65 Novell Netware   b8 BSDI swap        fc VMware VMKCORE 
1b Hidden W95 FAT3  70 DiskSecure Mult  bb Boot Wizard hid  fd Linux raid auto
1c Hidden W95 FAT3  75 PC/IX            bc Acronis FAT32 L  fe LANstep        
1e Hidden W95 FAT1  80 Old Minix        be Solaris boot     ff BBT            

Aliases:
   linux          - 83
   swap           - 82
   extended       - 05
   uefi           - EF
   raid           - FD
   lvm            - 8E
   linuxex        - 85
```

## 1.5 将sda3 合并到sda5
```
└─# vgs                      
  VG      #PV #LV #SN Attr   VSize   VFree
  kali-vg   1   5   0 wz--n- <99.52g    0 
```

```                                                                             
┌──(rootkali)-[~]
└─# lvm  
lvm> pvcreate /dev/sda3
  Physical volume "/dev/sda3" successfully created.
lvm> vgextend kali-vg /dev/sda3			# kali-vg 上面vgs 查到的名称
  Volume group "kali-vg" successfully extended
lvm> lvextend -L +25G /dev/mapper/kali--vg-root		# /dev/mapper/kali--vg-root 合并到的位置 可用 lsblk 查看
  Size of logical volume kali-vg/root changed from <11.18 GiB (2861 extents) to <36.18 GiB (9261 extents).
  Logical volume kali-vg/root successfully resized.
lvm> vgs		# 这里也可以使用vgs命令
  VG      #PV #LV #SN Attr   VSize    VFree
  kali-vg   2   5   0 wz--n- <124.52g    0 
lvm> quit
  Exiting.
  
```

再次查看：
```
┌──(rootkali)-[~]
└─# lsblk
NAME                MAJ:MIN RM  SIZE RO TYPE MOUNTPOINT
sda                   8:0    0  125G  0 disk 
├─sda1                8:1    0  487M  0 part /boot
├─sda2                8:2    0    1K  0 part 
├─sda3                8:3    0   25G  0 part 
│ └─kali--vg-root   254:0    0 36.2G  0 lvm  /
└─sda5                8:5    0 99.5G  0 part 
  ├─kali--vg-root   254:0    0 36.2G  0 lvm  /
  ├─kali--vg-var    254:1    0  2.3G  0 lvm  /var
  ├─kali--vg-swap_1 254:2    0  976M  0 lvm  [SWAP]
  ├─kali--vg-tmp    254:3    0  1.9G  0 lvm  /tmp
  └─kali--vg-home   254:4    0 83.2G  0 lvm  /home
sr0                  11:0    1 1024M  0 rom  
``` 

## 1.6 减空间
```
lvm> lvreduce -L -10G /dev/mapper/kali--vg-root
  WARNING: Reducing active and open logical volume to <26.18 GiB.
  THIS MAY DESTROY YOUR DATA (filesystem etc.)
Do you really want to reduce kali-vg/root? [y/n]: y
  Size of logical volume kali-vg/root changed from <36.18 GiB (9261 extents) to <26.18 GiB (6701 extents).
  Logical volume kali-vg/root successfully resized.
# 扩到其他空间
lvm> lvextend -L +10G /dev/mapper/kali--vg-var
  Size of logical volume kali-vg/var changed from <2.33 GiB (596 extents) to <12.33 GiB (3156 extents).
  Logical volume kali-vg/var successfully resized.
```

再次查看：
```
└─# lsblk
NAME                MAJ:MIN RM  SIZE RO TYPE MOUNTPOINT
sda                   8:0    0  125G  0 disk 
├─sda1                8:1    0  487M  0 part /boot
├─sda2                8:2    0    1K  0 part 
├─sda3                8:3    0   25G  0 part 
│ ├─kali--vg-root   254:0    0 26.2G  0 lvm  /
│ └─kali--vg-var    254:1    0 12.3G  0 lvm  /var
└─sda5                8:5    0 99.5G  0 part 
  ├─kali--vg-root   254:0    0 26.2G  0 lvm  /
  ├─kali--vg-var    254:1    0 12.3G  0 lvm  /var
  ├─kali--vg-swap_1 254:2    0  976M  0 lvm  [SWAP]
  ├─kali--vg-tmp    254:3    0  1.9G  0 lvm  /tmp
  └─kali--vg-home   254:4    0 83.2G  0 lvm  /home
sr0                  11:0    1 1024M  0 rom  
```

## 1.7 df 与 lsblk 空间不一致
```
# df -h                                                                                                                                                                                             100 ⨯
文件系统                   容量  已用  可用 已用% 挂载点
udev                       940M     0  940M    0% /dev
tmpfs                      196M  1.2M  194M    1% /run
/dev/mapper/kali--vg-root   11G   10G  414M   97% /
tmpfs                      976M     0  976M    0% /dev/shm
tmpfs                      5.0M     0  5.0M    0% /run/lock
/dev/sda1                  470M   89M  357M   20% /boot
/dev/mapper/kali--vg-var   2.3G  859M  1.3G   41% /var
/dev/mapper/kali--vg-home   82G  344M   77G    1% /home
/dev/mapper/kali--vg-tmp   1.8G   68K  1.7G    1% /tmp
tmpfs                      196M   80K  196M    1% /run/user/132
tmpfs                      196M   76K  196M    1% /run/user/0
```
在 df 看到的var空间是  2.3G 但我们将其扩容到 12.3G
block device容量变大，但还没有反映到file system中，我们可以使用：
- ext[2|3|4]		resize2fs /dev/sda3
- tune2fs			tune2fs -l /dev/xxx	(Linux ext2、ext3或ext4) [本次磁盘扩容没有成功]
- xfs				xfs_growfs /dev/da3

查看文件系统：
```
# df -hT
文件系统                  类型      容量  已用  可用 已用% 挂载点
udev                      devtmpfs  940M     0  940M    0% /dev
tmpfs                     tmpfs     196M  1.2M  194M    1% /run
/dev/mapper/kali--vg-root ext4       11G   10G  414M   97% /
tmpfs                     tmpfs     976M     0  976M    0% /dev/shm
tmpfs                     tmpfs     5.0M     0  5.0M    0% /run/lock
/dev/sda1                 ext2      470M   89M  357M   20% /boot
/dev/mapper/kali--vg-var  ext4      2.3G  859M  1.3G   41% /var
/dev/mapper/kali--vg-home ext4       82G  344M   77G    1% /home
/dev/mapper/kali--vg-tmp  ext4      1.8G   68K  1.7G    1% /tmp
tmpfs                     tmpfs     196M   80K  196M    1% /run/user/132
tmpfs                     tmpfs     196M   76K  196M    1% /run/user/0

//查看文件系统的其他命令：
file -s /dev/sda3
parted
```

如果对磁盘分区做了LVM:则出现：
```
# resize2fs -f /dev/sda3                                                                                                                                                                              1 ⨯
resize2fs 1.46.2 (28-Feb-2021)
resize2fs: 设备或资源忙 while trying to open /dev/sda3
Couldn't find valid filesystem superblock.
                                                                                                                                                                                                          
# tune2fs -l /dev/sda3                                                                                                                                                                                1 ⨯
tune2fs 1.46.2 (28-Feb-2021)
tune2fs: Bad magic number in super-block while trying to open /dev/sda3
/dev/sda3 contains a LVM2_member file system

文件系统为xfs时。报“Couldn't find valid filesystem superblock.”
```

应该：
```
resize2fs -f /dev/mapper/kali--vg-var
resize2fs -f /dev/mapper/kali--vg-root
```
在查看
```
# df -hT                               
文件系统                  类型      容量  已用  可用 已用% 挂载点
udev                      devtmpfs  940M     0  940M    0% /dev
tmpfs                     tmpfs     196M  1.2M  194M    1% /run
/dev/mapper/kali--vg-root ext4       26G   10G   15G   41% /
tmpfs                     tmpfs     976M     0  976M    0% /dev/shm
tmpfs                     tmpfs     5.0M     0  5.0M    0% /run/lock
/dev/sda1                 ext2      470M   89M  357M   20% /boot
/dev/mapper/kali--vg-var  ext4       13G  871M   11G    8% /var
/dev/mapper/kali--vg-home ext4       82G  344M   77G    1% /home
/dev/mapper/kali--vg-tmp  ext4      1.8G   68K  1.7G    1% /tmp
tmpfs                     tmpfs     196M   80K  196M    1% /run/user/132
tmpfs                     tmpfs     196M   76K  196M    1% /run/user/0
```